2026-03-14 14:35:45,572 - ERROR - Ошибка при подключении: type object 'DataBase' has no attribute 'db_user'
2026-03-14 14:36:50,836 - INFO - Успешное подключение к PostgreSQL
2026-03-14 14:36:50,896 - ERROR - Ошибка при подключении: ОШИБКА:  нет доступа к схеме public
LINE 2:                 CREATE TABLE IF NOT EXISTS tasks (
                                                   ^

2026-03-14 14:38:44,445 - INFO - Успешное подключение к PostgreSQL
2026-03-14 14:38:44,447 - ERROR - Ошибка при подключении: ОШИБКА:  нет доступа к схеме public
LINE 2:                 CREATE TABLE IF NOT EXISTS tasks (
                                                   ^

2026-03-14 14:38:47,717 - ERROR - Ошибка в add_into_tasks: ОШИБКА:  текущая транзакция прервана, команды до конца блока транзакции игнорируются

2026-03-14 14:40:15,881 - INFO - Успешное подключение к PostgreSQL
2026-03-14 14:40:15,884 - ERROR - Ошибка при подключении: ОШИБКА:  нет доступа к схеме public
LINE 2:                 CREATE TABLE IF NOT EXISTS tasks (
                                                   ^

2026-03-14 14:41:06,680 - INFO - Успешное подключение к PostgreSQL
2026-03-14 14:41:06,683 - ERROR - Ошибка при подключении: ОШИБКА:  нет доступа к схеме public
LINE 2:                 CREATE TABLE IF NOT EXISTS tasks (
                                                   ^

2026-03-14 14:41:10,153 - ERROR - Ошибка в add_into_tasks: ОШИБКА:  текущая транзакция прервана, команды до конца блока транзакции игнорируются

2026-03-14 14:44:48,954 - INFO - Успешное подключение к PostgreSQL
2026-03-14 14:44:48,957 - ERROR - Ошибка при подключении: ОШИБКА:  нет доступа к схеме public
LINE 2:                 CREATE TABLE IF NOT EXISTS tasks (
                                                   ^

2026-03-14 14:44:52,198 - ERROR - Ошибка в add_into_tasks: ОШИБКА:  текущая транзакция прервана, команды до конца блока транзакции игнорируются

2026-03-14 14:46:06,357 - INFO - Успешное подключение к PostgreSQL
2026-03-14 14:46:06,360 - ERROR - Ошибка при подключении: ОШИБКА:  нет доступа к схеме public
LINE 2:                 CREATE TABLE IF NOT EXISTS tasks (
                                                   ^

2026-03-14 14:46:08,734 - ERROR - Ошибка в add_into_tasks: ОШИБКА:  текущая транзакция прервана, команды до конца блока транзакции игнорируются

2026-03-14 14:46:52,272 - INFO - Успешное подключение к PostgreSQL
2026-03-14 14:46:52,275 - ERROR - Ошибка при подключении: ОШИБКА:  нет доступа к схеме public
LINE 2:                 CREATE TABLE IF NOT EXISTS tasks (
                                                   ^

2026-03-14 14:46:56,437 - ERROR - Ошибка в add_into_tasks: ОШИБКА:  текущая транзакция прервана, команды до конца блока транзакции игнорируются

2026-03-14 14:50:05,536 - INFO - Успешное подключение к PostgreSQL
2026-03-14 14:50:05,540 - ERROR - Ошибка при подключении: ОШИБКА:  нет доступа к схеме public
LINE 2:                 CREATE TABLE IF NOT EXISTS tasks (
                                                   ^

2026-03-14 14:50:08,952 - ERROR - Ошибка в add_into_tasks: ОШИБКА:  текущая транзакция прервана, команды до конца блока транзакции игнорируются

2026-03-14 14:53:10,883 - ERROR - Ошибка подключения: ОШИБКА:  нет доступа к схеме public
LINE 2:                 CREATE TABLE IF NOT EXISTS tasks (
                                                   ^

2026-03-14 14:53:13,394 - ERROR - Ошибка в add_into_tasks: ОШИБКА:  текущая транзакция прервана, команды до конца блока транзакции игнорируются

2026-03-14 14:53:18,762 - ERROR - Ошибка в add_into_tasks: ОШИБКА:  отношение "tasks" не существует
LINE 2:                 INSERT INTO tasks (description, priority, da...
                                    ^

2026-03-14 14:55:07,754 - ERROR - Ошибка подключения: ОШИБКА:  нет доступа к схеме public
LINE 2:                 CREATE TABLE IF NOT EXISTS tasks (
                                                   ^

2026-03-14 14:55:11,126 - ERROR - Ошибка в add_into_tasks: ОШИБКА:  текущая транзакция прервана, команды до конца блока транзакции игнорируются

2026-03-14 14:55:14,345 - ERROR - Ошибка в add_into_tasks: ОШИБКА:  отношение "tasks" не существует
LINE 2:                 INSERT INTO tasks (description, priority, da...
                                    ^

2026-03-14 14:55:16,426 - ERROR - Ошибка в add_into_tasks: ОШИБКА:  отношение "tasks" не существует
LINE 2:                 INSERT INTO tasks (description, priority, da...
                                    ^

2026-03-14 14:57:36,238 - ERROR - Ошибка подключения: ОШИБКА:  нет доступа к схеме public
LINE 2:                 CREATE TABLE IF NOT EXISTS tasks (
                                                   ^

2026-03-14 14:57:41,147 - ERROR - Ошибка в add_into_tasks: ОШИБКА:  текущая транзакция прервана, команды до конца блока транзакции игнорируются

2026-03-14 15:00:50,687 - ERROR - Ошибка подключения: ОШИБКА:  нет доступа к схеме public
LINE 2:                 CREATE TABLE IF NOT EXISTS tasks (
                                                   ^

2026-03-14 15:07:58,385 - INFO - Успешное подключение
2026-03-14 15:09:31,258 - INFO - Успешное подключение
2026-03-14 15:10:15,941 - INFO - Успешное подключение
2026-03-14 15:11:45,039 - INFO - Успешное подключение
2026-03-14 15:15:28,254 - INFO - Успешное подключение
2026-03-14 15:17:17,890 - INFO - Успешное подключение
2026-03-14 15:19:22,859 - INFO - Успешное подключение
2026-03-14 15:28:40,179 - INFO - Успешное подключение
2026-03-15 16:19:55,873 - INFO - Успешное подключение
2026-03-15 16:19:56,034 - INFO - Успешное подключение
2026-03-17 19:23:18,557 - INFO - Успешное подключение
2026-03-17 19:23:18,723 - INFO - Успешное подключение
2026-03-17 19:25:46,367 - INFO - Успешное подключение
2026-03-17 19:25:46,443 - INFO - Успешное подключение
2026-03-17 19:26:13,645 - INFO - Успешное подключение
2026-03-17 19:26:13,740 - INFO - Успешное подключение
2026-03-17 19:27:26,686 - INFO - Успешное подключение
2026-03-17 19:27:26,777 - INFO - Успешное подключение
2026-03-17 19:30:13,242 - INFO - Успешное подключение
2026-03-17 19:30:13,310 - INFO - Успешное подключение
2026-03-17 19:35:18,564 - INFO - Успешное подключение
2026-03-17 19:35:18,648 - INFO - Успешное подключение
2026-03-17 19:37:30,850 - INFO - Успешное подключение
2026-03-17 19:37:30,934 - INFO - Успешное подключение
2026-03-17 19:40:53,597 - INFO - Успешное подключение
2026-03-17 19:40:53,681 - INFO - Успешное подключение
2026-03-17 19:41:56,604 - INFO - Успешное подключение
2026-03-17 19:41:56,689 - INFO - Успешное подключение
2026-03-17 19:44:01,456 - INFO - Успешное подключение
2026-03-17 19:44:01,543 - INFO - Успешное подключение
2026-03-17 19:48:19,049 - INFO - Успешное подключение
2026-03-17 19:48:19,136 - INFO - Успешное подключение
2026-03-17 19:48:37,996 - INFO - Успешное подключение
2026-03-17 19:48:38,083 - INFO - Успешное подключение
2026-03-17 19:49:29,553 - INFO - Успешное подключение
2026-03-17 19:49:29,637 - INFO - Успешное подключение
2026-03-17 19:49:50,343 - INFO - Успешное подключение
2026-03-17 19:49:50,429 - INFO - Успешное подключение
2026-03-17 19:50:25,657 - INFO - Успешное подключение
2026-03-17 19:50:25,741 - INFO - Успешное подключение
2026-03-17 19:51:10,293 - INFO - Успешное подключение
2026-03-17 19:51:10,378 - INFO - Успешное подключение
2026-04-02 13:08:12,015 - INFO - Успешное подключение
2026-04-02 13:08:12,284 - INFO - Успешное подключение
2026-04-02 13:10:12,389 - INFO - Успешное подключение
2026-04-02 13:10:12,524 - INFO - Успешное подключение
2026-04-02 13:12:10,632 - INFO - Успешное подключение
2026-04-02 13:12:10,737 - INFO - Успешное подключение
2026-04-02 13:12:31,110 - INFO - Успешное подключение
2026-04-02 13:12:31,198 - INFO - Успешное подключение
2026-04-02 13:14:00,378 - INFO - Успешное подключение
2026-04-02 13:14:00,509 - INFO - Успешное подключение
2026-04-02 13:14:38,219 - INFO - Успешное подключение
2026-04-02 13:14:38,322 - INFO - Успешное подключение
2026-04-02 13:15:09,028 - INFO - Успешное подключение
2026-04-02 13:15:09,115 - INFO - Успешное подключение
